
> mithronix-mainsite@1.0.0 build
> next build

  Γû▓ Next.js 14.2.3

   Creating an optimized production build ...
 Γ£ô Compiled successfully
   Linting and checking validity of types ...
   Collecting page data ...
   Generating static pages (0/16) ...
   Generating static pages (4/16) 
   Generating static pages (8/16) 
   Generating static pages (12/16) 
 Γ£ô Generating static pages (16/16)
   Finalizing page optimization ...
   Collecting build traces ...

Route (app)                              Size     First Load JS
Γöî Γùï /                                    189 B            94 kB
Γö£ Γùï /_not-found                          871 B          87.9 kB
Γö£ Γùï /about                               147 B          87.1 kB
Γö£ Γùï /coming-soon                         188 B            94 kB
Γö£ Γùï /contact                             3.51 kB        90.5 kB
Γö£ Γùï /legal/privacy                       147 B          87.1 kB
Γö£ Γùï /legal/terms                         147 B          87.1 kB
Γö£ Γùï /portfolio                           149 B          87.1 kB
Γö£ Γùï /pricing                             3.28 kB          97 kB
Γö£ Γùï /products                            189 B            94 kB
Γö£ Γùï /products/erp                        188 B            94 kB
Γö£ Γùï /products/seps                       188 B            94 kB
Γö£ Γùï /products/smart-save                 188 B            94 kB
Γöö Γùï /products/techpack                   188 B            94 kB
+ First Load JS shared by all            87 kB
  Γö£ chunks/23-fbe785f8bf8e5a2f.js        31.5 kB
  Γö£ chunks/fd9d1056-f5ca11604835b0e5.js  53.6 kB
  Γöö other shared chunks (total)          1.89 kB


Γùï  (Static)  prerendered as static content

